// Jest Snapshot v1, https://goo.gl/fbAQLP

exports[`android plugin 1`] = `
"export function main() {
    const app = createApp({});
    app.use({
        install(app) {
            app.config.globalProperties.plugin1 = '';
        },
    });
}
"
`;
