// Jest Snapshot v1, https://goo.gl/fbAQLP

exports[`android globalProperties 1`] = `
"import { createSSRApp, defineComponent } from 'vue';
export function createApp() {
    const app = createSSRApp(defineComponent({}));
    app.config.globalProperties.globalStr = '';
}
defineComponent({
    mounted() {
        this.globalStr;
    },
});
"
`;
