// Jest Snapshot v1, https://goo.gl/fbAQLP

exports[`assets playground uni-app build:app 1`] = `"__uniappautomator.js"`;

exports[`assets playground uni-app build:app 2`] = `"__uniappchooselocation.js"`;

exports[`assets playground uni-app build:app 3`] = `"__uniapperror.png"`;

exports[`assets playground uni-app build:app 4`] = `"__uniappopenlocation.js"`;

exports[`assets playground uni-app build:app 5`] = `"__uniapppicker.js"`;

exports[`assets playground uni-app build:app 6`] = `"__uniappquill.js"`;

exports[`assets playground uni-app build:app 7`] = `"__uniappquillimageresize.js"`;

exports[`assets playground uni-app build:app 8`] = `"__uniappscan.js"`;

exports[`assets playground uni-app build:app 9`] = `"__uniappsuccess.png"`;

exports[`assets playground uni-app build:app 10`] = `"__uniappview.html"`;

exports[`assets playground uni-app build:app 11`] = `"app-config-service.js"`;

exports[`assets playground uni-app build:app 12`] = `"app-config.js"`;

exports[`assets playground uni-app build:app 13`] = `"app-service.js"`;

exports[`assets playground uni-app build:app 14`] = `"app.css"`;

exports[`assets playground uni-app build:app 15`] = `"manifest.json"`;

exports[`assets playground uni-app build:app 16`] = `"uni-app-view.umd.js"`;

exports[`assets playground uni-app build:app 17`] = `"invalid-static.jpg"`;

exports[`assets playground uni-app build:app 18`] = `"logo.png"`;

exports[`assets playground uni-app build:app 19`] = `"index.css"`;

exports[`assets playground uni-app build:app 20`] = `"shuijiao.jpg"`;

exports[`assets playground uni-app build:app 21`] = `"test.css"`;

exports[`assets playground uni-app build:app 22`] = `"logo.png"`;

exports[`assets playground uni-app build:app 23`] = `"shuijiao.jpg"`;

exports[`assets playground uni-app build:h5 1`] = `"index.html"`;

exports[`assets playground uni-app build:h5 2`] = `"_plugin-vue_export-helper.1tPrXgE0.js"`;

exports[`assets playground uni-app build:h5 3`] = `"index-BbLB0crq.css"`;

exports[`assets playground uni-app build:h5 4`] = `"index-fEeTMbQj.js"`;

exports[`assets playground uni-app build:h5 5`] = `"pages-index-index.DJIfQcdh.js"`;

exports[`assets playground uni-app build:h5 6`] = `"pages-sub-test-test.DlVBvJWg.js"`;

exports[`assets playground uni-app build:h5 7`] = `"shuijiao-B0f5FEMg.jpg"`;

exports[`assets playground uni-app build:h5 8`] = `"uni.0258696f.css"`;

exports[`assets playground uni-app build:h5 9`] = `"invalid-static.jpg"`;

exports[`assets playground uni-app build:h5 10`] = `"logo.png"`;

exports[`assets playground uni-app build:h5 11`] = `"shuijiao.jpg"`;

exports[`assets playground uni-app build:h5 12`] = `"logo.png"`;

exports[`assets playground uni-app build:h5 13`] = `"shuijiao.jpg"`;

exports[`assets playground uni-app build:mp-alipay 1`] = `"app.acss"`;

exports[`assets playground uni-app build:mp-alipay 2`] = `"app.js"`;

exports[`assets playground uni-app build:mp-alipay 3`] = `"app.json"`;

exports[`assets playground uni-app build:mp-alipay 4`] = `"mini.project.json"`;

exports[`assets playground uni-app build:mp-alipay 5`] = `"assets.js"`;

exports[`assets playground uni-app build:mp-alipay 6`] = `"vendor.js"`;

exports[`assets playground uni-app build:mp-alipay 7`] = `"invalid-static.jpg"`;

exports[`assets playground uni-app build:mp-alipay 8`] = `"logo.png"`;

exports[`assets playground uni-app build:mp-alipay 9`] = `"index.acss"`;

exports[`assets playground uni-app build:mp-alipay 10`] = `"index.axml"`;

exports[`assets playground uni-app build:mp-alipay 11`] = `"index.js"`;

exports[`assets playground uni-app build:mp-alipay 12`] = `"index.json"`;

exports[`assets playground uni-app build:mp-alipay 13`] = `"shuijiao.jpg"`;

exports[`assets playground uni-app build:mp-alipay 14`] = `"test.acss"`;

exports[`assets playground uni-app build:mp-alipay 15`] = `"test.axml"`;

exports[`assets playground uni-app build:mp-alipay 16`] = `"test.js"`;

exports[`assets playground uni-app build:mp-alipay 17`] = `"test.json"`;

exports[`assets playground uni-app build:mp-alipay 18`] = `"logo.png"`;

exports[`assets playground uni-app build:mp-alipay 19`] = `"shuijiao.jpg"`;

exports[`assets playground uni-app build:mp-alipay 20`] = `"test-com.acss"`;

exports[`assets playground uni-app build:mp-alipay 21`] = `"test-com.axml"`;

exports[`assets playground uni-app build:mp-alipay 22`] = `"test-com.js"`;

exports[`assets playground uni-app build:mp-alipay 23`] = `"test-com.json"`;

exports[`assets playground uni-app build:mp-baidu 1`] = `"app.css"`;

exports[`assets playground uni-app build:mp-baidu 2`] = `"app.js"`;

exports[`assets playground uni-app build:mp-baidu 3`] = `"app.json"`;

exports[`assets playground uni-app build:mp-baidu 4`] = `"project.swan.json"`;

exports[`assets playground uni-app build:mp-baidu 5`] = `"assets.js"`;

exports[`assets playground uni-app build:mp-baidu 6`] = `"vendor.js"`;

exports[`assets playground uni-app build:mp-baidu 7`] = `"invalid-static.jpg"`;

exports[`assets playground uni-app build:mp-baidu 8`] = `"logo.png"`;

exports[`assets playground uni-app build:mp-baidu 9`] = `"index.css"`;

exports[`assets playground uni-app build:mp-baidu 10`] = `"index.js"`;

exports[`assets playground uni-app build:mp-baidu 11`] = `"index.json"`;

exports[`assets playground uni-app build:mp-baidu 12`] = `"index.swan"`;

exports[`assets playground uni-app build:mp-baidu 13`] = `"shuijiao.jpg"`;

exports[`assets playground uni-app build:mp-baidu 14`] = `"test.css"`;

exports[`assets playground uni-app build:mp-baidu 15`] = `"test.js"`;

exports[`assets playground uni-app build:mp-baidu 16`] = `"test.json"`;

exports[`assets playground uni-app build:mp-baidu 17`] = `"test.swan"`;

exports[`assets playground uni-app build:mp-baidu 18`] = `"logo.png"`;

exports[`assets playground uni-app build:mp-baidu 19`] = `"shuijiao.jpg"`;

exports[`assets playground uni-app build:mp-baidu 20`] = `"test-com.css"`;

exports[`assets playground uni-app build:mp-baidu 21`] = `"test-com.js"`;

exports[`assets playground uni-app build:mp-baidu 22`] = `"test-com.json"`;

exports[`assets playground uni-app build:mp-baidu 23`] = `"test-com.swan"`;

exports[`assets playground uni-app build:mp-kuaishou 1`] = `"app.css"`;

exports[`assets playground uni-app build:mp-kuaishou 2`] = `"app.js"`;

exports[`assets playground uni-app build:mp-kuaishou 3`] = `"app.json"`;

exports[`assets playground uni-app build:mp-kuaishou 4`] = `"project.config.json"`;

exports[`assets playground uni-app build:mp-kuaishou 5`] = `"assets.js"`;

exports[`assets playground uni-app build:mp-kuaishou 6`] = `"vendor.js"`;

exports[`assets playground uni-app build:mp-kuaishou 7`] = `"invalid-static.jpg"`;

exports[`assets playground uni-app build:mp-kuaishou 8`] = `"logo.png"`;

exports[`assets playground uni-app build:mp-kuaishou 9`] = `"index.css"`;

exports[`assets playground uni-app build:mp-kuaishou 10`] = `"index.js"`;

exports[`assets playground uni-app build:mp-kuaishou 11`] = `"index.json"`;

exports[`assets playground uni-app build:mp-kuaishou 12`] = `"index.ksml"`;

exports[`assets playground uni-app build:mp-kuaishou 13`] = `"shuijiao.jpg"`;

exports[`assets playground uni-app build:mp-kuaishou 14`] = `"test.css"`;

exports[`assets playground uni-app build:mp-kuaishou 15`] = `"test.js"`;

exports[`assets playground uni-app build:mp-kuaishou 16`] = `"test.json"`;

exports[`assets playground uni-app build:mp-kuaishou 17`] = `"test.ksml"`;

exports[`assets playground uni-app build:mp-kuaishou 18`] = `"logo.png"`;

exports[`assets playground uni-app build:mp-kuaishou 19`] = `"shuijiao.jpg"`;

exports[`assets playground uni-app build:mp-kuaishou 20`] = `"test-com.css"`;

exports[`assets playground uni-app build:mp-kuaishou 21`] = `"test-com.js"`;

exports[`assets playground uni-app build:mp-kuaishou 22`] = `"test-com.json"`;

exports[`assets playground uni-app build:mp-kuaishou 23`] = `"test-com.ksml"`;

exports[`assets playground uni-app build:mp-lark 1`] = `"app.js"`;

exports[`assets playground uni-app build:mp-lark 2`] = `"app.json"`;

exports[`assets playground uni-app build:mp-lark 3`] = `"app.ttss"`;

exports[`assets playground uni-app build:mp-lark 4`] = `"project.config.json"`;

exports[`assets playground uni-app build:mp-lark 5`] = `"assets.js"`;

exports[`assets playground uni-app build:mp-lark 6`] = `"vendor.js"`;

exports[`assets playground uni-app build:mp-lark 7`] = `"invalid-static.jpg"`;

exports[`assets playground uni-app build:mp-lark 8`] = `"logo.png"`;

exports[`assets playground uni-app build:mp-lark 9`] = `"index.js"`;

exports[`assets playground uni-app build:mp-lark 10`] = `"index.json"`;

exports[`assets playground uni-app build:mp-lark 11`] = `"index.ttml"`;

exports[`assets playground uni-app build:mp-lark 12`] = `"index.ttss"`;

exports[`assets playground uni-app build:mp-lark 13`] = `"shuijiao.jpg"`;

exports[`assets playground uni-app build:mp-lark 14`] = `"test.js"`;

exports[`assets playground uni-app build:mp-lark 15`] = `"test.json"`;

exports[`assets playground uni-app build:mp-lark 16`] = `"test.ttml"`;

exports[`assets playground uni-app build:mp-lark 17`] = `"test.ttss"`;

exports[`assets playground uni-app build:mp-lark 18`] = `"logo.png"`;

exports[`assets playground uni-app build:mp-lark 19`] = `"shuijiao.jpg"`;

exports[`assets playground uni-app build:mp-lark 20`] = `"test-com.js"`;

exports[`assets playground uni-app build:mp-lark 21`] = `"test-com.json"`;

exports[`assets playground uni-app build:mp-lark 22`] = `"test-com.ttml"`;

exports[`assets playground uni-app build:mp-lark 23`] = `"test-com.ttss"`;

exports[`assets playground uni-app build:mp-qq 1`] = `"app.js"`;

exports[`assets playground uni-app build:mp-qq 2`] = `"app.json"`;

exports[`assets playground uni-app build:mp-qq 3`] = `"app.qss"`;

exports[`assets playground uni-app build:mp-qq 4`] = `"fix-2648.js"`;

exports[`assets playground uni-app build:mp-qq 5`] = `"fix-2648.json"`;

exports[`assets playground uni-app build:mp-qq 6`] = `"fix-2648.qml"`;

exports[`assets playground uni-app build:mp-qq 7`] = `"project.config.json"`;

exports[`assets playground uni-app build:mp-qq 8`] = `"assets.js"`;

exports[`assets playground uni-app build:mp-qq 9`] = `"vendor.js"`;

exports[`assets playground uni-app build:mp-qq 10`] = `"invalid-static.jpg"`;

exports[`assets playground uni-app build:mp-qq 11`] = `"logo.png"`;

exports[`assets playground uni-app build:mp-qq 12`] = `"index.js"`;

exports[`assets playground uni-app build:mp-qq 13`] = `"index.json"`;

exports[`assets playground uni-app build:mp-qq 14`] = `"index.qml"`;

exports[`assets playground uni-app build:mp-qq 15`] = `"index.qss"`;

exports[`assets playground uni-app build:mp-qq 16`] = `"shuijiao.jpg"`;

exports[`assets playground uni-app build:mp-qq 17`] = `"test.js"`;

exports[`assets playground uni-app build:mp-qq 18`] = `"test.json"`;

exports[`assets playground uni-app build:mp-qq 19`] = `"test.qml"`;

exports[`assets playground uni-app build:mp-qq 20`] = `"test.qss"`;

exports[`assets playground uni-app build:mp-qq 21`] = `"logo.png"`;

exports[`assets playground uni-app build:mp-qq 22`] = `"shuijiao.jpg"`;

exports[`assets playground uni-app build:mp-qq 23`] = `"test-com.js"`;

exports[`assets playground uni-app build:mp-qq 24`] = `"test-com.json"`;

exports[`assets playground uni-app build:mp-qq 25`] = `"test-com.qml"`;

exports[`assets playground uni-app build:mp-qq 26`] = `"test-com.qss"`;

exports[`assets playground uni-app build:mp-toutiao 1`] = `"app.js"`;

exports[`assets playground uni-app build:mp-toutiao 2`] = `"app.json"`;

exports[`assets playground uni-app build:mp-toutiao 3`] = `"app.ttss"`;

exports[`assets playground uni-app build:mp-toutiao 4`] = `"project.config.json"`;

exports[`assets playground uni-app build:mp-toutiao 5`] = `"assets.js"`;

exports[`assets playground uni-app build:mp-toutiao 6`] = `"vendor.js"`;

exports[`assets playground uni-app build:mp-toutiao 7`] = `"invalid-static.jpg"`;

exports[`assets playground uni-app build:mp-toutiao 8`] = `"logo.png"`;

exports[`assets playground uni-app build:mp-toutiao 9`] = `"index.js"`;

exports[`assets playground uni-app build:mp-toutiao 10`] = `"index.json"`;

exports[`assets playground uni-app build:mp-toutiao 11`] = `"index.ttml"`;

exports[`assets playground uni-app build:mp-toutiao 12`] = `"index.ttss"`;

exports[`assets playground uni-app build:mp-toutiao 13`] = `"shuijiao.jpg"`;

exports[`assets playground uni-app build:mp-toutiao 14`] = `"test.js"`;

exports[`assets playground uni-app build:mp-toutiao 15`] = `"test.json"`;

exports[`assets playground uni-app build:mp-toutiao 16`] = `"test.ttml"`;

exports[`assets playground uni-app build:mp-toutiao 17`] = `"test.ttss"`;

exports[`assets playground uni-app build:mp-toutiao 18`] = `"logo.png"`;

exports[`assets playground uni-app build:mp-toutiao 19`] = `"shuijiao.jpg"`;

exports[`assets playground uni-app build:mp-toutiao 20`] = `"test-com.js"`;

exports[`assets playground uni-app build:mp-toutiao 21`] = `"test-com.json"`;

exports[`assets playground uni-app build:mp-toutiao 22`] = `"test-com.ttml"`;

exports[`assets playground uni-app build:mp-toutiao 23`] = `"test-com.ttss"`;

exports[`assets playground uni-app build:mp-weixin 1`] = `"app.js"`;

exports[`assets playground uni-app build:mp-weixin 2`] = `"app.json"`;

exports[`assets playground uni-app build:mp-weixin 3`] = `"app.wxss"`;

exports[`assets playground uni-app build:mp-weixin 4`] = `"project.config.json"`;

exports[`assets playground uni-app build:mp-weixin 5`] = `"assets.js"`;

exports[`assets playground uni-app build:mp-weixin 6`] = `"vendor.js"`;

exports[`assets playground uni-app build:mp-weixin 7`] = `"invalid-static.jpg"`;

exports[`assets playground uni-app build:mp-weixin 8`] = `"logo.png"`;

exports[`assets playground uni-app build:mp-weixin 9`] = `"index.js"`;

exports[`assets playground uni-app build:mp-weixin 10`] = `"index.json"`;

exports[`assets playground uni-app build:mp-weixin 11`] = `"index.wxml"`;

exports[`assets playground uni-app build:mp-weixin 12`] = `"index.wxss"`;

exports[`assets playground uni-app build:mp-weixin 13`] = `"shuijiao.jpg"`;

exports[`assets playground uni-app build:mp-weixin 14`] = `"test.js"`;

exports[`assets playground uni-app build:mp-weixin 15`] = `"test.json"`;

exports[`assets playground uni-app build:mp-weixin 16`] = `"test.wxml"`;

exports[`assets playground uni-app build:mp-weixin 17`] = `"test.wxss"`;

exports[`assets playground uni-app build:mp-weixin 18`] = `"logo.png"`;

exports[`assets playground uni-app build:mp-weixin 19`] = `"shuijiao.jpg"`;

exports[`assets playground uni-app build:mp-weixin 20`] = `"test-com.js"`;

exports[`assets playground uni-app build:mp-weixin 21`] = `"test-com.json"`;

exports[`assets playground uni-app build:mp-weixin 22`] = `"test-com.wxml"`;

exports[`assets playground uni-app build:mp-weixin 23`] = `"test-com.wxss"`;

exports[`assets playground uni-app dev:app 1`] = `"__uniappautomator.js"`;

exports[`assets playground uni-app dev:app 2`] = `"__uniappchooselocation.js"`;

exports[`assets playground uni-app dev:app 3`] = `"__uniapperror.png"`;

exports[`assets playground uni-app dev:app 4`] = `"__uniappopenlocation.js"`;

exports[`assets playground uni-app dev:app 5`] = `"__uniapppicker.js"`;

exports[`assets playground uni-app dev:app 6`] = `"__uniappquill.js"`;

exports[`assets playground uni-app dev:app 7`] = `"__uniappquillimageresize.js"`;

exports[`assets playground uni-app dev:app 8`] = `"__uniappscan.js"`;

exports[`assets playground uni-app dev:app 9`] = `"__uniappsuccess.png"`;

exports[`assets playground uni-app dev:app 10`] = `"__uniappview.html"`;

exports[`assets playground uni-app dev:app 11`] = `"app-config-service.js"`;

exports[`assets playground uni-app dev:app 12`] = `"app-config.js"`;

exports[`assets playground uni-app dev:app 13`] = `"app-service.js"`;

exports[`assets playground uni-app dev:app 14`] = `"app.css"`;

exports[`assets playground uni-app dev:app 15`] = `"manifest.json"`;

exports[`assets playground uni-app dev:app 16`] = `"uni-app-view.umd.js"`;

exports[`assets playground uni-app dev:app 17`] = `"invalid-static.jpg"`;

exports[`assets playground uni-app dev:app 18`] = `"logo.png"`;

exports[`assets playground uni-app dev:app 19`] = `"index.css"`;

exports[`assets playground uni-app dev:app 20`] = `"shuijiao.jpg"`;

exports[`assets playground uni-app dev:app 21`] = `"test.css"`;

exports[`assets playground uni-app dev:app 22`] = `"logo.png"`;

exports[`assets playground uni-app dev:app 23`] = `"shuijiao.jpg"`;

exports[`assets playground uni-app dev:mp-alipay 1`] = `"app.acss"`;

exports[`assets playground uni-app dev:mp-alipay 2`] = `"app.js"`;

exports[`assets playground uni-app dev:mp-alipay 3`] = `"app.json"`;

exports[`assets playground uni-app dev:mp-alipay 4`] = `"mini.project.json"`;

exports[`assets playground uni-app dev:mp-alipay 5`] = `"assets.js"`;

exports[`assets playground uni-app dev:mp-alipay 6`] = `"vendor.js"`;

exports[`assets playground uni-app dev:mp-alipay 7`] = `"invalid-static.jpg"`;

exports[`assets playground uni-app dev:mp-alipay 8`] = `"logo.png"`;

exports[`assets playground uni-app dev:mp-alipay 9`] = `"index.acss"`;

exports[`assets playground uni-app dev:mp-alipay 10`] = `"index.axml"`;

exports[`assets playground uni-app dev:mp-alipay 11`] = `"index.js"`;

exports[`assets playground uni-app dev:mp-alipay 12`] = `"index.json"`;

exports[`assets playground uni-app dev:mp-alipay 13`] = `"shuijiao.jpg"`;

exports[`assets playground uni-app dev:mp-alipay 14`] = `"test.acss"`;

exports[`assets playground uni-app dev:mp-alipay 15`] = `"test.axml"`;

exports[`assets playground uni-app dev:mp-alipay 16`] = `"test.js"`;

exports[`assets playground uni-app dev:mp-alipay 17`] = `"test.json"`;

exports[`assets playground uni-app dev:mp-alipay 18`] = `"logo.png"`;

exports[`assets playground uni-app dev:mp-alipay 19`] = `"shuijiao.jpg"`;

exports[`assets playground uni-app dev:mp-alipay 20`] = `"test-com.acss"`;

exports[`assets playground uni-app dev:mp-alipay 21`] = `"test-com.axml"`;

exports[`assets playground uni-app dev:mp-alipay 22`] = `"test-com.js"`;

exports[`assets playground uni-app dev:mp-alipay 23`] = `"test-com.json"`;

exports[`assets playground uni-app dev:mp-baidu 1`] = `"app.css"`;

exports[`assets playground uni-app dev:mp-baidu 2`] = `"app.js"`;

exports[`assets playground uni-app dev:mp-baidu 3`] = `"app.json"`;

exports[`assets playground uni-app dev:mp-baidu 4`] = `"project.swan.json"`;

exports[`assets playground uni-app dev:mp-baidu 5`] = `"assets.js"`;

exports[`assets playground uni-app dev:mp-baidu 6`] = `"vendor.js"`;

exports[`assets playground uni-app dev:mp-baidu 7`] = `"invalid-static.jpg"`;

exports[`assets playground uni-app dev:mp-baidu 8`] = `"logo.png"`;

exports[`assets playground uni-app dev:mp-baidu 9`] = `"index.css"`;

exports[`assets playground uni-app dev:mp-baidu 10`] = `"index.js"`;

exports[`assets playground uni-app dev:mp-baidu 11`] = `"index.json"`;

exports[`assets playground uni-app dev:mp-baidu 12`] = `"index.swan"`;

exports[`assets playground uni-app dev:mp-baidu 13`] = `"shuijiao.jpg"`;

exports[`assets playground uni-app dev:mp-baidu 14`] = `"test.css"`;

exports[`assets playground uni-app dev:mp-baidu 15`] = `"test.js"`;

exports[`assets playground uni-app dev:mp-baidu 16`] = `"test.json"`;

exports[`assets playground uni-app dev:mp-baidu 17`] = `"test.swan"`;

exports[`assets playground uni-app dev:mp-baidu 18`] = `"logo.png"`;

exports[`assets playground uni-app dev:mp-baidu 19`] = `"shuijiao.jpg"`;

exports[`assets playground uni-app dev:mp-baidu 20`] = `"test-com.css"`;

exports[`assets playground uni-app dev:mp-baidu 21`] = `"test-com.js"`;

exports[`assets playground uni-app dev:mp-baidu 22`] = `"test-com.json"`;

exports[`assets playground uni-app dev:mp-baidu 23`] = `"test-com.swan"`;

exports[`assets playground uni-app dev:mp-kuaishou 1`] = `"app.css"`;

exports[`assets playground uni-app dev:mp-kuaishou 2`] = `"app.js"`;

exports[`assets playground uni-app dev:mp-kuaishou 3`] = `"app.json"`;

exports[`assets playground uni-app dev:mp-kuaishou 4`] = `"project.config.json"`;

exports[`assets playground uni-app dev:mp-kuaishou 5`] = `"assets.js"`;

exports[`assets playground uni-app dev:mp-kuaishou 6`] = `"vendor.js"`;

exports[`assets playground uni-app dev:mp-kuaishou 7`] = `"invalid-static.jpg"`;

exports[`assets playground uni-app dev:mp-kuaishou 8`] = `"logo.png"`;

exports[`assets playground uni-app dev:mp-kuaishou 9`] = `"index.css"`;

exports[`assets playground uni-app dev:mp-kuaishou 10`] = `"index.js"`;

exports[`assets playground uni-app dev:mp-kuaishou 11`] = `"index.json"`;

exports[`assets playground uni-app dev:mp-kuaishou 12`] = `"index.ksml"`;

exports[`assets playground uni-app dev:mp-kuaishou 13`] = `"shuijiao.jpg"`;

exports[`assets playground uni-app dev:mp-kuaishou 14`] = `"test.css"`;

exports[`assets playground uni-app dev:mp-kuaishou 15`] = `"test.js"`;

exports[`assets playground uni-app dev:mp-kuaishou 16`] = `"test.json"`;

exports[`assets playground uni-app dev:mp-kuaishou 17`] = `"test.ksml"`;

exports[`assets playground uni-app dev:mp-kuaishou 18`] = `"logo.png"`;

exports[`assets playground uni-app dev:mp-kuaishou 19`] = `"shuijiao.jpg"`;

exports[`assets playground uni-app dev:mp-kuaishou 20`] = `"test-com.css"`;

exports[`assets playground uni-app dev:mp-kuaishou 21`] = `"test-com.js"`;

exports[`assets playground uni-app dev:mp-kuaishou 22`] = `"test-com.json"`;

exports[`assets playground uni-app dev:mp-kuaishou 23`] = `"test-com.ksml"`;

exports[`assets playground uni-app dev:mp-lark 1`] = `"app.js"`;

exports[`assets playground uni-app dev:mp-lark 2`] = `"app.json"`;

exports[`assets playground uni-app dev:mp-lark 3`] = `"app.ttss"`;

exports[`assets playground uni-app dev:mp-lark 4`] = `"project.config.json"`;

exports[`assets playground uni-app dev:mp-lark 5`] = `"assets.js"`;

exports[`assets playground uni-app dev:mp-lark 6`] = `"vendor.js"`;

exports[`assets playground uni-app dev:mp-lark 7`] = `"invalid-static.jpg"`;

exports[`assets playground uni-app dev:mp-lark 8`] = `"logo.png"`;

exports[`assets playground uni-app dev:mp-lark 9`] = `"index.js"`;

exports[`assets playground uni-app dev:mp-lark 10`] = `"index.json"`;

exports[`assets playground uni-app dev:mp-lark 11`] = `"index.ttml"`;

exports[`assets playground uni-app dev:mp-lark 12`] = `"index.ttss"`;

exports[`assets playground uni-app dev:mp-lark 13`] = `"shuijiao.jpg"`;

exports[`assets playground uni-app dev:mp-lark 14`] = `"test.js"`;

exports[`assets playground uni-app dev:mp-lark 15`] = `"test.json"`;

exports[`assets playground uni-app dev:mp-lark 16`] = `"test.ttml"`;

exports[`assets playground uni-app dev:mp-lark 17`] = `"test.ttss"`;

exports[`assets playground uni-app dev:mp-lark 18`] = `"logo.png"`;

exports[`assets playground uni-app dev:mp-lark 19`] = `"shuijiao.jpg"`;

exports[`assets playground uni-app dev:mp-lark 20`] = `"test-com.js"`;

exports[`assets playground uni-app dev:mp-lark 21`] = `"test-com.json"`;

exports[`assets playground uni-app dev:mp-lark 22`] = `"test-com.ttml"`;

exports[`assets playground uni-app dev:mp-lark 23`] = `"test-com.ttss"`;

exports[`assets playground uni-app dev:mp-qq 1`] = `"app.js"`;

exports[`assets playground uni-app dev:mp-qq 2`] = `"app.json"`;

exports[`assets playground uni-app dev:mp-qq 3`] = `"app.qss"`;

exports[`assets playground uni-app dev:mp-qq 4`] = `"fix-2648.js"`;

exports[`assets playground uni-app dev:mp-qq 5`] = `"fix-2648.json"`;

exports[`assets playground uni-app dev:mp-qq 6`] = `"fix-2648.qml"`;

exports[`assets playground uni-app dev:mp-qq 7`] = `"project.config.json"`;

exports[`assets playground uni-app dev:mp-qq 8`] = `"assets.js"`;

exports[`assets playground uni-app dev:mp-qq 9`] = `"vendor.js"`;

exports[`assets playground uni-app dev:mp-qq 10`] = `"invalid-static.jpg"`;

exports[`assets playground uni-app dev:mp-qq 11`] = `"logo.png"`;

exports[`assets playground uni-app dev:mp-qq 12`] = `"index.js"`;

exports[`assets playground uni-app dev:mp-qq 13`] = `"index.json"`;

exports[`assets playground uni-app dev:mp-qq 14`] = `"index.qml"`;

exports[`assets playground uni-app dev:mp-qq 15`] = `"index.qss"`;

exports[`assets playground uni-app dev:mp-qq 16`] = `"shuijiao.jpg"`;

exports[`assets playground uni-app dev:mp-qq 17`] = `"test.js"`;

exports[`assets playground uni-app dev:mp-qq 18`] = `"test.json"`;

exports[`assets playground uni-app dev:mp-qq 19`] = `"test.qml"`;

exports[`assets playground uni-app dev:mp-qq 20`] = `"test.qss"`;

exports[`assets playground uni-app dev:mp-qq 21`] = `"logo.png"`;

exports[`assets playground uni-app dev:mp-qq 22`] = `"shuijiao.jpg"`;

exports[`assets playground uni-app dev:mp-qq 23`] = `"test-com.js"`;

exports[`assets playground uni-app dev:mp-qq 24`] = `"test-com.json"`;

exports[`assets playground uni-app dev:mp-qq 25`] = `"test-com.qml"`;

exports[`assets playground uni-app dev:mp-qq 26`] = `"test-com.qss"`;

exports[`assets playground uni-app dev:mp-toutiao 1`] = `"app.js"`;

exports[`assets playground uni-app dev:mp-toutiao 2`] = `"app.json"`;

exports[`assets playground uni-app dev:mp-toutiao 3`] = `"app.ttss"`;

exports[`assets playground uni-app dev:mp-toutiao 4`] = `"project.config.json"`;

exports[`assets playground uni-app dev:mp-toutiao 5`] = `"assets.js"`;

exports[`assets playground uni-app dev:mp-toutiao 6`] = `"vendor.js"`;

exports[`assets playground uni-app dev:mp-toutiao 7`] = `"invalid-static.jpg"`;

exports[`assets playground uni-app dev:mp-toutiao 8`] = `"logo.png"`;

exports[`assets playground uni-app dev:mp-toutiao 9`] = `"index.js"`;

exports[`assets playground uni-app dev:mp-toutiao 10`] = `"index.json"`;

exports[`assets playground uni-app dev:mp-toutiao 11`] = `"index.ttml"`;

exports[`assets playground uni-app dev:mp-toutiao 12`] = `"index.ttss"`;

exports[`assets playground uni-app dev:mp-toutiao 13`] = `"shuijiao.jpg"`;

exports[`assets playground uni-app dev:mp-toutiao 14`] = `"test.js"`;

exports[`assets playground uni-app dev:mp-toutiao 15`] = `"test.json"`;

exports[`assets playground uni-app dev:mp-toutiao 16`] = `"test.ttml"`;

exports[`assets playground uni-app dev:mp-toutiao 17`] = `"test.ttss"`;

exports[`assets playground uni-app dev:mp-toutiao 18`] = `"logo.png"`;

exports[`assets playground uni-app dev:mp-toutiao 19`] = `"shuijiao.jpg"`;

exports[`assets playground uni-app dev:mp-toutiao 20`] = `"test-com.js"`;

exports[`assets playground uni-app dev:mp-toutiao 21`] = `"test-com.json"`;

exports[`assets playground uni-app dev:mp-toutiao 22`] = `"test-com.ttml"`;

exports[`assets playground uni-app dev:mp-toutiao 23`] = `"test-com.ttss"`;

exports[`assets playground uni-app dev:mp-weixin 1`] = `"app.js"`;

exports[`assets playground uni-app dev:mp-weixin 2`] = `"app.json"`;

exports[`assets playground uni-app dev:mp-weixin 3`] = `"app.wxss"`;

exports[`assets playground uni-app dev:mp-weixin 4`] = `"project.config.json"`;

exports[`assets playground uni-app dev:mp-weixin 5`] = `"assets.js"`;

exports[`assets playground uni-app dev:mp-weixin 6`] = `"vendor.js"`;

exports[`assets playground uni-app dev:mp-weixin 7`] = `"invalid-static.jpg"`;

exports[`assets playground uni-app dev:mp-weixin 8`] = `"logo.png"`;

exports[`assets playground uni-app dev:mp-weixin 9`] = `"index.js"`;

exports[`assets playground uni-app dev:mp-weixin 10`] = `"index.json"`;

exports[`assets playground uni-app dev:mp-weixin 11`] = `"index.wxml"`;

exports[`assets playground uni-app dev:mp-weixin 12`] = `"index.wxss"`;

exports[`assets playground uni-app dev:mp-weixin 13`] = `"shuijiao.jpg"`;

exports[`assets playground uni-app dev:mp-weixin 14`] = `"test.js"`;

exports[`assets playground uni-app dev:mp-weixin 15`] = `"test.json"`;

exports[`assets playground uni-app dev:mp-weixin 16`] = `"test.wxml"`;

exports[`assets playground uni-app dev:mp-weixin 17`] = `"test.wxss"`;

exports[`assets playground uni-app dev:mp-weixin 18`] = `"logo.png"`;

exports[`assets playground uni-app dev:mp-weixin 19`] = `"shuijiao.jpg"`;

exports[`assets playground uni-app dev:mp-weixin 20`] = `"test-com.js"`;

exports[`assets playground uni-app dev:mp-weixin 21`] = `"test-com.json"`;

exports[`assets playground uni-app dev:mp-weixin 22`] = `"test-com.wxml"`;

exports[`assets playground uni-app dev:mp-weixin 23`] = `"test-com.wxss"`;

exports[`assets playground uni-app-x build:app-ios 1`] = `"app-config.js"`;

exports[`assets playground uni-app-x build:app-ios 2`] = `"app-service.js"`;

exports[`assets playground uni-app-x build:app-ios 3`] = `"manifest.json"`;

exports[`assets playground uni-app-x build:app-ios 4`] = `"invalid-static.jpg"`;

exports[`assets playground uni-app-x build:app-ios 5`] = `"logo.png"`;

exports[`assets playground uni-app-x build:app-ios 6`] = `"shuijiao.jpg"`;

exports[`assets playground uni-app-x build:app-ios 7`] = `"logo.png"`;

exports[`assets playground uni-app-x build:app-ios 8`] = `"shuijiao.jpg"`;

exports[`assets playground uni-app-x build:h5 1`] = `"index.html"`;

exports[`assets playground uni-app-x build:h5 2`] = `"_plugin-vue_export-helper.1tPrXgE0.js"`;

exports[`assets playground uni-app-x build:h5 3`] = `"index-BM_ZVQd7.css"`;

exports[`assets playground uni-app-x build:h5 4`] = `"index-BVhmJ4mz.js"`;

exports[`assets playground uni-app-x build:h5 5`] = `"pages-index-index.C_SQ1g3E.js"`;

exports[`assets playground uni-app-x build:h5 6`] = `"pages-sub-test-test.bosWCotQ.js"`;

exports[`assets playground uni-app-x build:h5 7`] = `"shuijiao-B0f5FEMg.jpg"`;

exports[`assets playground uni-app-x build:h5 8`] = `"uni.0258696f.css"`;

exports[`assets playground uni-app-x build:h5 9`] = `"invalid-static.jpg"`;

exports[`assets playground uni-app-x build:h5 10`] = `"logo.png"`;

exports[`assets playground uni-app-x build:h5 11`] = `"shuijiao.jpg"`;

exports[`assets playground uni-app-x build:h5 12`] = `"logo.png"`;

exports[`assets playground uni-app-x build:h5 13`] = `"shuijiao.jpg"`;

exports[`assets playground uni-app-x dev:app-ios 1`] = `"app-config.js"`;

exports[`assets playground uni-app-x dev:app-ios 2`] = `"app-service.js"`;

exports[`assets playground uni-app-x dev:app-ios 3`] = `"manifest.json"`;

exports[`assets playground uni-app-x dev:app-ios 4`] = `"invalid-static.jpg"`;

exports[`assets playground uni-app-x dev:app-ios 5`] = `"logo.png"`;

exports[`assets playground uni-app-x dev:app-ios 6`] = `"shuijiao.jpg"`;

exports[`assets playground uni-app-x dev:app-ios 7`] = `"logo.png"`;

exports[`assets playground uni-app-x dev:app-ios 8`] = `"shuijiao.jpg"`;
