// Jest Snapshot v1, https://goo.gl/fbAQLP

exports[`android plugin 1`] = `
"import { createApp } from 'vue';
export function main() {
    const app = createApp({});
    app.use({
        install(app, _options): any {
            app.config.globalProperties.plugin1 = '';
        },
    });
}
"
`;
