// Jest Snapshot v1, https://goo.gl/fbAQLP

exports[`android render 1`] = `
"import { defineComponent, h, VNode } from 'vue';
defineComponent({
    render(): VNode {
        return h('view', {
            onClick: () => { },
        });
    },
});
"
`;
